// Jest Snapshot v1, https://goo.gl/fbAQLP

exports[`Index site should be rendered 1`] = `
<div>
  <h1>
    Title nextjs boilerplate
  </h1>
</div>
`;
